
  .   ____          _            __ _ _
 /\\ / ___'_ __ _ _(_)_ __  __ _ \ \ \ \
( ( )\___ | '_ | '_| | '_ \/ _` | \ \ \ \
 \\/  ___)| |_)| | | | | || (_| |  ) ) ) )
  '  |____| .__|_| |_|_| |_\__, | / / / /
 =========|_|==============|___/=/_/_/_/

 :: Spring Boot ::                (v3.3.4)

2026-09-29T14:43:18.585+09:00  INFO 15420 --- [railfeas] [           main] com.railfeas.RailFeasApplication         : Starting RailFeasApplication v0.1.0 using Java 24.0.1 with PID 15420 (D:\Projects\Map-based Urban Rail Feasibility Simulator\backend\target\railfeas-0.1.0.jar started by 신선호 in D:\Projects\Map-based Urban Rail Feasibility Simulator\backend)
2026-09-29T14:43:18.588+09:00 DEBUG 15420 --- [railfeas] [           main] com.railfeas.RailFeasApplication         : Running with Spring Boot v3.3.4, Spring v6.1.13
2026-09-29T14:43:18.589+09:00  INFO 15420 --- [railfeas] [           main] com.railfeas.RailFeasApplication         : No active profile set, falling back to 1 default profile: "default"
2026-09-29T14:43:19.627+09:00  INFO 15420 --- [railfeas] [           main] .s.d.r.c.RepositoryConfigurationDelegate : Bootstrapping Spring Data JPA repositories in DEFAULT mode.
2026-09-29T14:43:19.712+09:00  INFO 15420 --- [railfeas] [           main] .s.d.r.c.RepositoryConfigurationDelegate : Finished Spring Data repository scanning in 74 ms. Found 7 JPA repository interfaces.
2026-09-29T14:43:20.482+09:00  INFO 15420 --- [railfeas] [           main] o.s.b.w.embedded.tomcat.TomcatWebServer  : Tomcat initialized with port 8080 (http)
2026-09-29T14:43:20.529+09:00  INFO 15420 --- [railfeas] [           main] o.apache.catalina.core.StandardService   : Starting service [Tomcat]
2026-09-29T14:43:20.529+09:00  INFO 15420 --- [railfeas] [           main] o.apache.catalina.core.StandardEngine    : Starting Servlet engine: [Apache Tomcat/10.1.30]
2026-09-29T14:43:20.612+09:00  INFO 15420 --- [railfeas] [           main] o.a.c.c.C.[Tomcat].[localhost].[/]       : Initializing Spring embedded WebApplicationContext
2026-09-29T14:43:20.612+09:00  INFO 15420 --- [railfeas] [           main] w.s.c.ServletWebServerApplicationContext : Root WebApplicationContext: initialization completed in 1944 ms
2026-09-29T14:43:20.766+09:00 DEBUG 15420 --- [railfeas] [           main] c.railfeas.auth.JwtAuthenticationFilter  : Filter 'jwtAuthenticationFilter' configured for use
2026-09-29T14:43:21.049+09:00  INFO 15420 --- [railfeas] [           main] o.hibernate.jpa.internal.util.LogHelper  : HHH000204: Processing PersistenceUnitInfo [name: default]
2026-09-29T14:43:21.160+09:00  INFO 15420 --- [railfeas] [           main] org.hibernate.Version                    : HHH000412: Hibernate ORM core version 6.5.3.Final
2026-09-29T14:43:21.215+09:00  INFO 15420 --- [railfeas] [           main] o.h.c.internal.RegionFactoryInitiator    : HHH000026: Second-level cache disabled
2026-09-29T14:43:21.885+09:00  INFO 15420 --- [railfeas] [           main] o.s.o.j.p.SpringPersistenceUnitInfo      : No LoadTimeWeaver setup: ignoring JPA class transformer
2026-09-29T14:43:21.948+09:00  INFO 15420 --- [railfeas] [           main] com.zaxxer.hikari.HikariDataSource       : HikariPool-1 - Starting...
2026-09-29T14:43:22.745+09:00  INFO 15420 --- [railfeas] [           main] com.zaxxer.hikari.pool.HikariPool        : HikariPool-1 - Added connection com.mysql.cj.jdbc.ConnectionImpl@20890a1a
2026-09-29T14:43:22.748+09:00  INFO 15420 --- [railfeas] [           main] com.zaxxer.hikari.HikariDataSource       : HikariPool-1 - Start completed.
2026-09-29T14:43:22.850+09:00  WARN 15420 --- [railfeas] [           main] org.hibernate.orm.deprecation            : HHH90000025: MySQLDialect does not need to be specified explicitly using 'hibernate.dialect' (remove the property setting and it will be selected by default)
2026-09-29T14:43:25.100+09:00  INFO 15420 --- [railfeas] [           main] o.h.e.t.j.p.i.JtaPlatformInitiator       : HHH000489: No JTA platform available (set 'hibernate.transaction.jta.platform' to enable JTA platform integration)
2026-09-29T14:43:25.192+09:00  INFO 15420 --- [railfeas] [           main] j.LocalContainerEntityManagerFactoryBean : Initialized JPA EntityManagerFactory for persistence unit 'default'
2026-09-29T14:43:26.919+09:00  INFO 15420 --- [railfeas] [           main] o.s.b.w.embedded.tomcat.TomcatWebServer  : Tomcat started on port 8080 (http) with context path '/'
2026-09-29T14:43:26.955+09:00  INFO 15420 --- [railfeas] [           main] com.railfeas.RailFeasApplication         : Started RailFeasApplication in 8.883 seconds (process running for 9.495)
2026-09-29T14:44:06.435+09:00  INFO 15420 --- [railfeas] [nio-8080-exec-1] o.a.c.c.C.[Tomcat].[localhost].[/]       : Initializing Spring DispatcherServlet 'dispatcherServlet'
2026-09-29T14:44:06.435+09:00  INFO 15420 --- [railfeas] [nio-8080-exec-1] o.s.web.servlet.DispatcherServlet        : Initializing Servlet 'dispatcherServlet'
2026-09-29T14:44:06.449+09:00  INFO 15420 --- [railfeas] [nio-8080-exec-1] o.s.web.servlet.DispatcherServlet        : Completed initialization in 14 ms
